{
    "Test workflow completion": {
        "content": [
            [
                "germline_variant_calling:alignment:bwa_mem2",
                "germline_variant_calling:alignment:bwa_mem2/sample1_1_aligned.bam",
                "germline_variant_calling:alignment:bwa_mem2/sample2_1_aligned.bam",
                "germline_variant_calling:alignment:bwa_mem2/versions.yml",
                "germline_variant_calling:alignment:bwamem2_index",
                "germline_variant_calling:alignment:bwamem2_index/chr22.fasta.0123",
                "germline_variant_calling:alignment:bwamem2_index/chr22.fasta.amb",
                "germline_variant_calling:alignment:bwamem2_index/chr22.fasta.ann",
                "germline_variant_calling:alignment:bwamem2_index/chr22.fasta.bwt.2bit.64",
                "germline_variant_calling:alignment:bwamem2_index/chr22.fasta.pac",
                "germline_variant_calling:alignment:bwamem2_index/versions.yml",
                "germline_variant_calling:alignment:fastp",
                "germline_variant_calling:alignment:fastp/sample1_1_fastp.html",
                "germline_variant_calling:alignment:fastp/sample1_1_fastp.json",
                "germline_variant_calling:alignment:fastp/sample1_1_trimmed_1.fastq.gz",
                "germline_variant_calling:alignment:fastp/sample1_1_trimmed_2.fastq.gz",
                "germline_variant_calling:alignment:fastp/sample2_1_fastp.html",
                "germline_variant_calling:alignment:fastp/sample2_1_fastp.json",
                "germline_variant_calling:alignment:fastp/sample2_1_trimmed_1.fastq.gz",
                "germline_variant_calling:alignment:fastp/sample2_1_trimmed_2.fastq.gz",
                "germline_variant_calling:alignment:fastp/versions.yml",
                "germline_variant_calling:alignment:samtools_merge",
                "germline_variant_calling:alignment:samtools_merge/sample1_merged.bam",
                "germline_variant_calling:alignment:samtools_merge/sample1_merged.bam.bai",
                "germline_variant_calling:alignment:samtools_merge/sample2_merged.bam",
                "germline_variant_calling:alignment:samtools_merge/sample2_merged.bam.bai",
                "germline_variant_calling:alignment:samtools_merge/versions.yml",
                "germline_variant_calling:alignment:samtools_sort",
                "germline_variant_calling:alignment:samtools_sort/sample1_sorted.bam",
                "germline_variant_calling:alignment:samtools_sort/sample2_sorted.bam",
                "germline_variant_calling:alignment:samtools_sort/versions.yml",
                "germline_variant_calling:variant_alignment_quality_control:bcftools_query",
                "germline_variant_calling:variant_alignment_quality_control:bcftools_query/sample1_variants.bed",
                "germline_variant_calling:variant_alignment_quality_control:bcftools_query/sample2_variants.bed",
                "germline_variant_calling:variant_alignment_quality_control:bcftools_query/versions.yml",
                "germline_variant_calling:variant_alignment_quality_control:bcftools_stats",
                "germline_variant_calling:variant_alignment_quality_control:bcftools_stats/sample1_indel_count.txt",
                "germline_variant_calling:variant_alignment_quality_control:bcftools_stats/sample1_snp_count.txt",
                "germline_variant_calling:variant_alignment_quality_control:bcftools_stats/sample1_variant_stats.txt",
                "germline_variant_calling:variant_alignment_quality_control:bcftools_stats/sample2_indel_count.txt",
                "germline_variant_calling:variant_alignment_quality_control:bcftools_stats/sample2_snp_count.txt",
                "germline_variant_calling:variant_alignment_quality_control:bcftools_stats/sample2_variant_stats.txt",
                "germline_variant_calling:variant_alignment_quality_control:bcftools_stats/versions.yml",
                "germline_variant_calling:variant_alignment_quality_control:bedtools_genomecov",
                "germline_variant_calling:variant_alignment_quality_control:bedtools_genomecov/sample1_coverage.bedgraph",
                "germline_variant_calling:variant_alignment_quality_control:bedtools_genomecov/sample2_coverage.bedgraph",
                "germline_variant_calling:variant_alignment_quality_control:bedtools_genomecov/versions.yml",
                "germline_variant_calling:variant_annotation:bcftools_norm",
                "germline_variant_calling:variant_annotation:bcftools_norm/sample1.vcf.gz",
                "germline_variant_calling:variant_annotation:bcftools_norm/sample1.vcf.gz.tbi",
                "germline_variant_calling:variant_annotation:bcftools_norm/sample2.vcf.gz",
                "germline_variant_calling:variant_annotation:bcftools_norm/sample2.vcf.gz.tbi",
                "germline_variant_calling:variant_annotation:bcftools_norm/versions.yml",
                "germline_variant_calling:variant_annotation:snpeff",
                "germline_variant_calling:variant_annotation:snpeff/sample1.ann.vcf",
                "germline_variant_calling:variant_annotation:snpeff/sample1.csv",
                "germline_variant_calling:variant_annotation:snpeff/sample1.genes.txt",
                "germline_variant_calling:variant_annotation:snpeff/sample2.ann.vcf",
                "germline_variant_calling:variant_annotation:snpeff/sample2.csv",
                "germline_variant_calling:variant_annotation:snpeff/sample2.genes.txt",
                "germline_variant_calling:variant_annotation:snpeff/snpEff_summary.html",
                "germline_variant_calling:variant_annotation:snpeff/versions.yml",
                "germline_variant_calling:variant_annotation:vep",
                "germline_variant_calling:variant_annotation:vep/sample1.html",
                "germline_variant_calling:variant_annotation:vep/sample1.vcf.gz",
                "germline_variant_calling:variant_annotation:vep/sample1.vcf.gz.tbi",
                "germline_variant_calling:variant_annotation:vep/sample2.html",
                "germline_variant_calling:variant_annotation:vep/sample2.vcf.gz",
                "germline_variant_calling:variant_annotation:vep/sample2.vcf.gz.tbi",
                "germline_variant_calling:variant_annotation:vep/versions.yml",
                "germline_variant_calling:variant_calling:deepvariant",
                "germline_variant_calling:variant_calling:deepvariant/sample1.g.vcf.gz",
                "germline_variant_calling:variant_calling:deepvariant/sample1.g.vcf.gz.tbi",
                "germline_variant_calling:variant_calling:deepvariant/sample1.vcf.gz",
                "germline_variant_calling:variant_calling:deepvariant/sample1.vcf.gz.tbi",
                "germline_variant_calling:variant_calling:deepvariant/sample2.g.vcf.gz",
                "germline_variant_calling:variant_calling:deepvariant/sample2.g.vcf.gz.tbi",
                "germline_variant_calling:variant_calling:deepvariant/sample2.vcf.gz",
                "germline_variant_calling:variant_calling:deepvariant/sample2.vcf.gz.tbi",
                "germline_variant_calling:variant_calling:deepvariant/versions.yml",
                "pipeline_info"
            ],
            [
                "sample1_1_aligned.bam:md5,54c10e72ed8cd82cdfad398a0a2b1b0c",
                "sample2_1_aligned.bam:md5,487a21559a87ae9d4bea968d53111bf5",
                "versions.yml:md5,bbb9ff2cb387145dec7d5aa9c7af3f64",
                "chr22.fasta.0123:md5,8fa3abf34200ccbbdd8536f9cefed95d",
                "chr22.fasta.amb:md5,264db5d0d4d1017d209c20e98d41d2e2",
                "chr22.fasta.ann:md5,9891c001c334b01fbd835340997e37be",
                "chr22.fasta.bwt.2bit.64:md5,fa64d6b80c9ad135477ab75fe7c44413",
                "chr22.fasta.pac:md5,a1bd3051e7e86e022fe732609e1e7c4f",
                "versions.yml:md5,f0954072128125d0f51df157ebfa78c4",
                "versions.yml:md5,ddfebf728a3fbd6f51de31c8690c38c3",
                "sample1_merged.bam:md5,3fc57edaaff81e782af91f0d4fb8db52",
                "sample1_merged.bam.bai:md5,f402af3662cf73057f24be833d9e5c48",
                "sample2_merged.bam:md5,a46222dd83de12006a09482e99845d01",
                "sample2_merged.bam.bai:md5,534be3d073f1511eb7f445c507790aaf",
                "versions.yml:md5,c143212e05090a00e0ae9981d0196375",
                "sample1_sorted.bam:md5,3fc57edaaff81e782af91f0d4fb8db52",
                "sample2_sorted.bam:md5,a46222dd83de12006a09482e99845d01",
                "versions.yml:md5,9ada55f2fda1be7f89ae532ee399f5ce",
                "sample1_variants.bed:md5,30871f9b543e9cee0bf666262c752fe8",
                "sample2_variants.bed:md5,30871f9b543e9cee0bf666262c752fe8",
                "versions.yml:md5,cd1be17c0b3aff2b3b2fc34b5bd50209",
                "sample1_indel_count.txt:md5,c35d35ccc279c5e64c53c0c2838b92c1",
                "sample1_snp_count.txt:md5,1db826c09d26044ac34ec13e65de69bf",
                "sample1_variant_stats.txt:md5,161e695a76d28f220634b899814bf118",
                "sample2_indel_count.txt:md5,c35d35ccc279c5e64c53c0c2838b92c1",
                "sample2_snp_count.txt:md5,1db826c09d26044ac34ec13e65de69bf",
                "sample2_variant_stats.txt:md5,fad358b76ada0779e0be5919cd216eb8",
                "versions.yml:md5,8a1720e80da8bf829e2d9770084fa057",
                "sample1_coverage.bedgraph:md5,3c5897a90ec8e8f55be32f327a30e57d",
                "sample2_coverage.bedgraph:md5,3c5897a90ec8e8f55be32f327a30e57d",
                "versions.yml:md5,23a859c9a4d091374c8f4bcdd20122ed",
                "versions.yml:md5,a9a6e34c5198791b95c6d0c9a9812a80",
                "sample1.genes.txt:md5,1368f915aa7a7b55753b371bd9610ab1",
                "sample2.genes.txt:md5,1368f915aa7a7b55753b371bd9610ab1",
                "versions.yml:md5,48e7068816730bc72d3d57f6a54696b9",
                "versions.yml:md5,4e2bca117646b90f894dc60a7c4e5994",
                "versions.yml:md5,2ffe59092cb6d732887a56482a6f560f"
            ]
        ],
        "timestamp": "2026-03-12T00:42:51.497105453",
        "meta": {
            "nf-test": "0.9.4",
            "nextflow": "25.10.4"
        }
    }
}