{
    "Test workflow completion": {
        "content": [
            [
                "germline_variant_calling:annotation:bcftools_query",
                "germline_variant_calling:annotation:bcftools_query/sample1_variants.bed",
                "germline_variant_calling:annotation:bcftools_query/sample2_variants.bed",
                "germline_variant_calling:annotation:bcftools_query/versions.yml",
                "germline_variant_calling:annotation:bcftools_stats",
                "germline_variant_calling:annotation:bcftools_stats/sample1_indel_count.txt",
                "germline_variant_calling:annotation:bcftools_stats/sample1_snp_count.txt",
                "germline_variant_calling:annotation:bcftools_stats/sample1_variant_stats.txt",
                "germline_variant_calling:annotation:bcftools_stats/sample2_indel_count.txt",
                "germline_variant_calling:annotation:bcftools_stats/sample2_snp_count.txt",
                "germline_variant_calling:annotation:bcftools_stats/sample2_variant_stats.txt",
                "germline_variant_calling:annotation:bcftools_stats/versions.yml",
                "germline_variant_calling:annotation:bedtools_genomecov",
                "germline_variant_calling:annotation:bedtools_genomecov/sample1_coverage.bedgraph",
                "germline_variant_calling:annotation:bedtools_genomecov/sample2_coverage.bedgraph",
                "germline_variant_calling:annotation:bedtools_genomecov/versions.yml",
                "germline_variant_calling:annotation:snpeff",
                "germline_variant_calling:annotation:snpeff/sample1_annotated.vcf",
                "germline_variant_calling:annotation:snpeff/sample1_snpeff.log",
                "germline_variant_calling:annotation:snpeff/sample2_annotated.vcf",
                "germline_variant_calling:annotation:snpeff/sample2_snpeff.log",
                "germline_variant_calling:annotation:snpeff/versions.yml",
                "germline_variant_calling:preprocessing:bwa_mem2",
                "germline_variant_calling:preprocessing:bwa_mem2/sample1_1_aligned.bam",
                "germline_variant_calling:preprocessing:bwa_mem2/sample2_1_aligned.bam",
                "germline_variant_calling:preprocessing:bwa_mem2/versions.yml",
                "germline_variant_calling:preprocessing:bwamem2_index",
                "germline_variant_calling:preprocessing:bwamem2_index/genome.fasta.0123",
                "germline_variant_calling:preprocessing:bwamem2_index/genome.fasta.amb",
                "germline_variant_calling:preprocessing:bwamem2_index/genome.fasta.ann",
                "germline_variant_calling:preprocessing:bwamem2_index/genome.fasta.bwt.2bit.64",
                "germline_variant_calling:preprocessing:bwamem2_index/genome.fasta.pac",
                "germline_variant_calling:preprocessing:bwamem2_index/versions.yml",
                "germline_variant_calling:preprocessing:fastp",
                "germline_variant_calling:preprocessing:fastp/sample1_1_fastp.html",
                "germline_variant_calling:preprocessing:fastp/sample1_1_fastp.json",
                "germline_variant_calling:preprocessing:fastp/sample1_1_trimmed_1.fastq.gz",
                "germline_variant_calling:preprocessing:fastp/sample1_1_trimmed_2.fastq.gz",
                "germline_variant_calling:preprocessing:fastp/sample2_1_fastp.html",
                "germline_variant_calling:preprocessing:fastp/sample2_1_fastp.json",
                "germline_variant_calling:preprocessing:fastp/sample2_1_trimmed_1.fastq.gz",
                "germline_variant_calling:preprocessing:fastp/sample2_1_trimmed_2.fastq.gz",
                "germline_variant_calling:preprocessing:fastp/versions.yml",
                "germline_variant_calling:preprocessing:gatk_collectmetrics",
                "germline_variant_calling:preprocessing:gatk_collectmetrics/sample1_alignment_summary.txt",
                "germline_variant_calling:preprocessing:gatk_collectmetrics/sample2_alignment_summary.txt",
                "germline_variant_calling:preprocessing:gatk_collectmetrics/versions.yml",
                "germline_variant_calling:preprocessing:gatkspark_applybqsr",
                "germline_variant_calling:preprocessing:gatkspark_applybqsr/sample1_recal.bam",
                "germline_variant_calling:preprocessing:gatkspark_applybqsr/sample1_recal.bam.bai",
                "germline_variant_calling:preprocessing:gatkspark_applybqsr/sample2_recal.bam",
                "germline_variant_calling:preprocessing:gatkspark_applybqsr/sample2_recal.bam.bai",
                "germline_variant_calling:preprocessing:gatkspark_applybqsr/versions.yml",
                "germline_variant_calling:preprocessing:gatkspark_baserecalibrator",
                "germline_variant_calling:preprocessing:gatkspark_baserecalibrator/sample1_recal.table",
                "germline_variant_calling:preprocessing:gatkspark_baserecalibrator/sample2_recal.table",
                "germline_variant_calling:preprocessing:gatkspark_baserecalibrator/versions.yml",
                "germline_variant_calling:preprocessing:gatkspark_markduplicates",
                "germline_variant_calling:preprocessing:gatkspark_markduplicates/sample1.bam",
                "germline_variant_calling:preprocessing:gatkspark_markduplicates/sample1.bam.bai",
                "germline_variant_calling:preprocessing:gatkspark_markduplicates/sample2.bam",
                "germline_variant_calling:preprocessing:gatkspark_markduplicates/sample2.bam.bai",
                "germline_variant_calling:preprocessing:gatkspark_markduplicates/versions.yml",
                "germline_variant_calling:preprocessing:samtools_merge",
                "germline_variant_calling:preprocessing:samtools_merge/sample1_merged.bam",
                "germline_variant_calling:preprocessing:samtools_merge/sample1_merged.bam.bai",
                "germline_variant_calling:preprocessing:samtools_merge/sample2_merged.bam",
                "germline_variant_calling:preprocessing:samtools_merge/sample2_merged.bam.bai",
                "germline_variant_calling:preprocessing:samtools_merge/versions.yml",
                "germline_variant_calling:preprocessing:samtools_sort",
                "germline_variant_calling:preprocessing:samtools_sort/sample1_sorted.bam",
                "germline_variant_calling:preprocessing:samtools_sort/sample2_sorted.bam",
                "germline_variant_calling:preprocessing:samtools_sort/versions.yml",
                "germline_variant_calling:variant_calling:gatk_genotypegvcfs",
                "germline_variant_calling:variant_calling:gatk_genotypegvcfs/sample1_raw.vcf.gz",
                "germline_variant_calling:variant_calling:gatk_genotypegvcfs/sample1_raw.vcf.gz.tbi",
                "germline_variant_calling:variant_calling:gatk_genotypegvcfs/sample2_raw.vcf.gz",
                "germline_variant_calling:variant_calling:gatk_genotypegvcfs/sample2_raw.vcf.gz.tbi",
                "germline_variant_calling:variant_calling:gatk_genotypegvcfs/versions.yml",
                "germline_variant_calling:variant_calling:gatk_haplotypecaller",
                "germline_variant_calling:variant_calling:gatk_haplotypecaller/sample1.g.vcf.gz",
                "germline_variant_calling:variant_calling:gatk_haplotypecaller/sample1.g.vcf.gz.tbi",
                "germline_variant_calling:variant_calling:gatk_haplotypecaller/sample2.g.vcf.gz",
                "germline_variant_calling:variant_calling:gatk_haplotypecaller/sample2.g.vcf.gz.tbi",
                "germline_variant_calling:variant_calling:gatk_haplotypecaller/versions.yml",
                "germline_variant_calling:variant_calling:gatk_mergevcfs",
                "germline_variant_calling:variant_calling:gatk_mergevcfs/sample1_filtered.vcf.gz",
                "germline_variant_calling:variant_calling:gatk_mergevcfs/sample1_filtered.vcf.gz.tbi",
                "germline_variant_calling:variant_calling:gatk_mergevcfs/sample2_filtered.vcf.gz",
                "germline_variant_calling:variant_calling:gatk_mergevcfs/sample2_filtered.vcf.gz.tbi",
                "germline_variant_calling:variant_calling:gatk_mergevcfs/versions.yml",
                "germline_variant_calling:variant_calling:gatk_selectvariants_indel",
                "germline_variant_calling:variant_calling:gatk_selectvariants_indel/sample1_raw_indels.vcf.gz",
                "germline_variant_calling:variant_calling:gatk_selectvariants_indel/sample1_raw_indels.vcf.gz.tbi",
                "germline_variant_calling:variant_calling:gatk_selectvariants_indel/sample2_raw_indels.vcf.gz",
                "germline_variant_calling:variant_calling:gatk_selectvariants_indel/sample2_raw_indels.vcf.gz.tbi",
                "germline_variant_calling:variant_calling:gatk_selectvariants_indel/versions.yml",
                "germline_variant_calling:variant_calling:gatk_selectvariants_snp",
                "germline_variant_calling:variant_calling:gatk_selectvariants_snp/sample1_raw_snps.vcf.gz",
                "germline_variant_calling:variant_calling:gatk_selectvariants_snp/sample1_raw_snps.vcf.gz.tbi",
                "germline_variant_calling:variant_calling:gatk_selectvariants_snp/sample2_raw_snps.vcf.gz",
                "germline_variant_calling:variant_calling:gatk_selectvariants_snp/sample2_raw_snps.vcf.gz.tbi",
                "germline_variant_calling:variant_calling:gatk_selectvariants_snp/versions.yml",
                "germline_variant_calling:variant_calling:gatk_variantfiltration_indel",
                "germline_variant_calling:variant_calling:gatk_variantfiltration_indel/sample1_filtered_indels.vcf.gz",
                "germline_variant_calling:variant_calling:gatk_variantfiltration_indel/sample1_filtered_indels.vcf.gz.tbi",
                "germline_variant_calling:variant_calling:gatk_variantfiltration_indel/sample2_filtered_indels.vcf.gz",
                "germline_variant_calling:variant_calling:gatk_variantfiltration_indel/sample2_filtered_indels.vcf.gz.tbi",
                "germline_variant_calling:variant_calling:gatk_variantfiltration_indel/versions.yml",
                "germline_variant_calling:variant_calling:gatk_variantfiltration_snp",
                "germline_variant_calling:variant_calling:gatk_variantfiltration_snp/sample1_filtered_snps.vcf.gz",
                "germline_variant_calling:variant_calling:gatk_variantfiltration_snp/sample1_filtered_snps.vcf.gz.tbi",
                "germline_variant_calling:variant_calling:gatk_variantfiltration_snp/sample2_filtered_snps.vcf.gz",
                "germline_variant_calling:variant_calling:gatk_variantfiltration_snp/sample2_filtered_snps.vcf.gz.tbi",
                "germline_variant_calling:variant_calling:gatk_variantfiltration_snp/versions.yml",
                "pipeline_info"
            ],
            [
                "sample1_variants.bed:md5,d41d8cd98f00b204e9800998ecf8427e",
                "sample2_variants.bed:md5,d41d8cd98f00b204e9800998ecf8427e",
                "versions.yml:md5,249943b1d5bd2ce57e04bea4d2dd8abf",
                "sample1_indel_count.txt:md5,897316929176464ebc9ad085f31e7284",
                "sample1_snp_count.txt:md5,897316929176464ebc9ad085f31e7284",
                "sample1_variant_stats.txt:md5,e8e84ea2acff4d7b5548b7ebaf2b05a4",
                "sample2_indel_count.txt:md5,897316929176464ebc9ad085f31e7284",
                "sample2_snp_count.txt:md5,897316929176464ebc9ad085f31e7284",
                "sample2_variant_stats.txt:md5,2301b862009bbf518a5f94f19103b5de",
                "versions.yml:md5,ff6ad194e0ec804b72bc83d8bf8cf019",
                "sample1_coverage.bedgraph:md5,d41d8cd98f00b204e9800998ecf8427e",
                "sample2_coverage.bedgraph:md5,d41d8cd98f00b204e9800998ecf8427e",
                "versions.yml:md5,6d58041eb279541e3a138c60826cefbb",
                "sample1_snpeff.log:md5,7137fc9f7d044314bea421ba06ca0f18",
                "sample2_snpeff.log:md5,7137fc9f7d044314bea421ba06ca0f18",
                "versions.yml:md5,1d4d4e229cfa017c03d08c73b5674b98",
                "sample1_1_aligned.bam:md5,90cf54bb11be1393f24791f2bafb81ba",
                "sample2_1_aligned.bam:md5,ecc75033f0c0c9a88497799323cd12af",
                "versions.yml:md5,f1355436d7ddd31b50858fe62e8adde4",
                "genome.fasta.0123:md5,d73300d44f733bcdb7c988fc3ff3e3e9",
                "genome.fasta.amb:md5,1891c1de381b3a96d4e72f590fde20c1",
                "genome.fasta.ann:md5,2df4aa2d7580639fa0fcdbcad5e2e969",
                "genome.fasta.bwt.2bit.64:md5,cd4bdf496eab05228a50c45ee43c1ed0",
                "genome.fasta.pac:md5,8569fbdb2c98c6fb16dfa73d8eacb070",
                "versions.yml:md5,2a4b9defcea58647c0b5b1cc8b2627f2",
                "sample1_1_fastp.html:md5,533e98f5289e4ca2b182b1103a83c201",
                "sample1_1_fastp.json:md5,86033ba61498d25ddb9833368cc3ebe7",
                "sample2_1_fastp.html:md5,906dd3154cff23923f7bf37b68f67cb6",
                "sample2_1_fastp.json:md5,6e1d5c005875e907da331a22bef0b6b6",
                "versions.yml:md5,6c7466de4bab59e8df203424eb253fd6",
                "sample1_alignment_summary.txt:md5,084562d2a7fa36e639e548720d66ee1e",
                "sample2_alignment_summary.txt:md5,7139e537fbd956918087fce77206b589",
                "versions.yml:md5,5fa3be89c5df1c030acae287599419dd",
                "sample1_recal.bam:md5,92a4e508f76d8dfe7a7149ad8861feb3",
                "sample1_recal.bam.bai:md5,0d76977b2e36046cc176112776c5fa4e",
                "sample2_recal.bam:md5,4a4de50378f16f4ff1345c61c50df2fb",
                "sample2_recal.bam.bai:md5,0d76977b2e36046cc176112776c5fa4e",
                "versions.yml:md5,04197383659004cbbc3bcd59260d5bc0",
                "sample1_recal.table:md5,c38e5c25e24ced2c98c908cf89328ecf",
                "sample2_recal.table:md5,c38e5c25e24ced2c98c908cf89328ecf",
                "versions.yml:md5,c935190eb4847737950a118a8ef8ef53",
                "sample1.bam:md5,92a4e508f76d8dfe7a7149ad8861feb3",
                "sample1.bam.bai:md5,0d76977b2e36046cc176112776c5fa4e",
                "sample2.bam:md5,4a4de50378f16f4ff1345c61c50df2fb",
                "sample2.bam.bai:md5,0d76977b2e36046cc176112776c5fa4e",
                "versions.yml:md5,921b80662856f7496e4d181748b284ab",
                "sample1_merged.bam:md5,663f5532903b2fb669dc39fd58bfd387",
                "sample1_merged.bam.bai:md5,0d76977b2e36046cc176112776c5fa4e",
                "sample2_merged.bam:md5,137440788103c2ce509a89169d8e1a2c",
                "sample2_merged.bam.bai:md5,0d76977b2e36046cc176112776c5fa4e",
                "versions.yml:md5,df0d93935f80356c470858f91ee34f47",
                "sample1_sorted.bam:md5,663f5532903b2fb669dc39fd58bfd387",
                "sample2_sorted.bam:md5,137440788103c2ce509a89169d8e1a2c",
                "versions.yml:md5,f30c0e213665fdb93c19cde77cd1b967",
                "versions.yml:md5,28ef44a18a3310ca11717b590731eadc",
                "versions.yml:md5,1a07831fb1f0ee9f9248c68736c30695",
                "versions.yml:md5,8a62c99aa5d272e89ff0935055091745",
                "versions.yml:md5,d6c0b7ff8e09b3c996ef151bd5eb546a",
                "versions.yml:md5,cbda79c8ab968bd76b73fd7c739dcca3",
                "versions.yml:md5,dc9ae42e4bea47b9da0c0f9a905c0684",
                "versions.yml:md5,d3949b20e639f1016e9745b2a1126960"
            ]
        ],
        "timestamp": "2026-03-04T22:04:09.38746006",
        "meta": {
            "nf-test": "0.9.4",
            "nextflow": "25.10.4"
        }
    }
}